---
layout: mypost
title: 树莓派磁盘挂载
categories: [树莓派]
extMath: true
---

# 树莓派磁盘挂载问题

## 使用 df -Th 查询硬盘目前使用情况

``` bash
Filesystem     Type     Size  Used Avail Use% Mounted on
tmpfs          tmpfs    380M  3.3M  376M   1% /run
/dev/mmcblk0p2 ext4      29G   15G   13G  54% /
tmpfs          tmpfs    1.9G  8.0K  1.9G   1% /dev/shm
tmpfs          tmpfs    5.0M     0  5.0M   0% /run/lock
/dev/mmcblk0p1 vfat     253M  127M  126M  51% /boot/firmware
tmpfs          tmpfs    379M  4.0K  379M   1% /run/user/0
/dev/sda       ext4     916G  2.0G  868G   1% /yunpin/sda
overlay        overlay   29G   15G   13G  54% /var/lib/docker/overlay2/9676205502eeb7d64cfa8e08d665c64b5c3cf27d3018fe8520631185dcffd559/merged
```

## 通过 fdisk -l 查看电脑的硬盘

``` bash
Disk /dev/loop0: 49.07 MiB, 51453952 bytes, 100496 sectors
Units: sectors of 1 * 512 = 512 bytes
Sector size (logical/physical): 512 bytes / 512 bytes
I/O size (minimum/optimal): 512 bytes / 512 bytes


Disk /dev/loop1: 49.07 MiB, 51453952 bytes, 100496 sectors
Units: sectors of 1 * 512 = 512 bytes
Sector size (logical/physical): 512 bytes / 512 bytes
I/O size (minimum/optimal): 512 bytes / 512 bytes


Disk /dev/loop2: 59.03 MiB, 61898752 bytes, 120896 sectors
Units: sectors of 1 * 512 = 512 bytes
Sector size (logical/physical): 512 bytes / 512 bytes
I/O size (minimum/optimal): 512 bytes / 512 bytes


Disk /dev/loop3: 59.07 MiB, 61943808 bytes, 120984 sectors
Units: sectors of 1 * 512 = 512 bytes
Sector size (logical/physical): 512 bytes / 512 bytes
I/O size (minimum/optimal): 512 bytes / 512 bytes


Disk /dev/loop4: 61.03 MiB, 63991808 bytes, 124984 sectors
Units: sectors of 1 * 512 = 512 bytes
Sector size (logical/physical): 512 bytes / 512 bytes
I/O size (minimum/optimal): 512 bytes / 512 bytes


Disk /dev/loop5: 91.89 MiB, 96354304 bytes, 188192 sectors
Units: sectors of 1 * 512 = 512 bytes
Sector size (logical/physical): 512 bytes / 512 bytes
I/O size (minimum/optimal): 512 bytes / 512 bytes


Disk /dev/loop6: 42.98 MiB, 45072384 bytes, 88032 sectors
Units: sectors of 1 * 512 = 512 bytes
Sector size (logical/physical): 512 bytes / 512 bytes
I/O size (minimum/optimal): 512 bytes / 512 bytes


Disk /dev/loop7: 43.18 MiB, 45273088 bytes, 88424 sectors
Units: sectors of 1 * 512 = 512 bytes
Sector size (logical/physical): 512 bytes / 512 bytes
I/O size (minimum/optimal): 512 bytes / 512 bytes


Disk /dev/mmcblk0: 29.72 GiB, 31914983424 bytes, 62333952 sectors
Units: sectors of 1 * 512 = 512 bytes
Sector size (logical/physical): 512 bytes / 512 bytes
I/O size (minimum/optimal): 512 bytes / 512 bytes
Disklabel type: dos
Disk identifier: 0xab86aefd

Device         Boot  Start      End  Sectors  Size Id Type
/dev/mmcblk0p1 *      2048   526335   524288  256M  c W95 FAT32 (LBA)
/dev/mmcblk0p2      526336 62333918 61807583 29.5G 83 Linux


Disk /dev/sda: 931.48 GiB, 1000170586112 bytes, 1953458176 sectors
Disk model: Elements 25A2
Units: sectors of 1 * 512 = 512 bytes
Sector size (logical/physical): 512 bytes / 512 bytes
I/O size (minimum/optimal): 512 bytes / 512 bytes
```

其中`/dev/sda`就是此次要挂载的硬盘

删除 /dev/sda 的分区，输入 d，然后根据提示输入对应分区号就可以了。这是磁盘有数据的时候才需要这样操作，如果没有数据，是一块全新的硬盘，可以忽略这个步骤。（操作前，请备份好原有硬盘的数据）

## 用 mkfs.ext4 /dev/sda 命令，将硬盘格式化为 ext4

``` bash
mkfs.ext4 /dev/sda

mke2fs 1.45.5 (07-Jan-2020)
Found a dos partition table in /dev/vdb
Proceed anyway? (y,N) y
Creating filesystem with 52428800 4k blocks and 13107200 inodes
Filesystem UUID: a4d3a9d0-76a4-4001-9bd0-2f22628db9ce
Superblock backups stored on blocks:
        32768, 98304, 163840, 229376, 294912, 819200, 884736, 1605632, 2654208,
        4096000, 7962624, 11239424, 20480000, 23887872

Allocating group tables: done
Writing inode tables: done
Creating journal (262144 blocks): done
Writing superblocks and filesystem accounting information: done
```

## 挂载格式化好的硬盘

```bash
mkdir /mnt/sda
mount /dev/sda /mnt/sda
```

## 用 df -Th 命令查看已挂载的磁盘

```bash
df -Th

Filesystem     Type     Size  Used Avail Use% Mounted on
tmpfs          tmpfs    380M  3.3M  376M   1% /run
/dev/mmcblk0p2 ext4      29G   16G   13G  55% /
tmpfs          tmpfs    1.9G  8.0K  1.9G   1% /dev/shm
tmpfs          tmpfs    5.0M     0  5.0M   0% /run/lock
/dev/mmcblk0p1 vfat     253M  127M  126M  51% /boot/firmware
tmpfs          tmpfs    379M  4.0K  379M   1% /run/user/0
/dev/sda       ext4     916G  3.7G  866G   1% /yunpin/sda
overlay        overlay   29G   16G   13G  55% /var/lib/docker/overlay2/9676205502eeb7d64cfa8e08d665c64b5c3cf27d3018fe8520631185dcffd559/merged
```

## 设置开机自动挂载 在 /etc/fstab 中追加 //dev/sda /yunpin/sda ext4 defaults 0 0

``` bash
root@ubuntu:/# cat /etc/fstab
LABEL=writable	/	 ext4	defaults	0 0
LABEL=system-boot       /boot/firmware  vfat    defaults        0       1
/www/swap    swap    swap    defaults    0 0
/dev/sda /mnt/sda ext4 defaults 0 0
```

